npx.cmd : npm warn cli npm v12.0.2 does not support Node.js v22.22.0. This version of npm supports the following node 
versions: `^22.22.2 || ^24.15.0 || >=26.0.0`. You can find the latest version at https://nodejs.org/.
At line:3 char:1
+ & npx tauri build --bundles nsis 2>&1 | Out-File -FilePath "$km\nsis- ...
+ ~~~~~~~~~~~~~~~~~~~~~~~~~~~~~~~~~~~~~
    + CategoryInfo          : NotSpecified: (npm warn cli np...://nodejs.org/.:String) [], RemoteException
    + FullyQualifiedErrorId : NativeCommandError
 
npm notice run key-manager-tauri@1.0.0 npx
npm notice run tauri build --bundles nsis
        Info Looking up installed tauri packages to check mismatched versions...
   Compiling uni-kasher-key-manager v1.0.0 (C:\Users\mohaned said\Downloads\Uni-Kasher-2.0.10\tools\key-manager-tauri)
warning: unused import: `Deserialize`
 --> src\main.rs:9:13
  |
9 | use serde::{Deserialize, Serialize};
  |             ^^^^^^^^^^^
  |
  = note: `#[warn(unused_imports)]` (part of `#[warn(unused)]`) on by default

warning: unused import: `std::sync::Mutex`
  --> src\main.rs:12:5
   |
12 | use std::sync::Mutex;
   |     ^^^^^^^^^^^^^^^^

warning: unused import: `State`
  --> src\main.rs:13:33
   |
13 | use tauri::{AppHandle, Manager, State};
   |                                 ^^^^^

warning: function `iso_now` is never used
  --> src\main.rs:79:4
   |
79 | fn iso_now() -> String {
   |    ^^^^^^^
   |
   = note: `#[warn(dead_code)]` (part of `#[warn(unused)]`) on by default

warning: `uni-kasher-key-manager` (bin "uni-kasher-key-manager") generated 4 warnings (run `cargo fix --bin 
"uni-kasher-key-manager" -p uni-kasher-key-manager` to apply 3 suggestions)
    Finished `release` profile [optimized] target(s) in 3m 08s
       Built application at: C:\Users\mohaned 
said\Downloads\Uni-Kasher-2.0.10\tools\key-manager-tauri\target\release\uni-kasher-key-manager.exe
        Info Patching C:\Users\mohaned 
said\Downloads\Uni-Kasher-2.0.10\tools\key-manager-tauri\target\release\uni-kasher-key-manager.exe with bundle type 
information: nsis
        Info Target: x64
     Running makensis to produce C:\Users\mohaned 
said\Downloads\Uni-Kasher-2.0.10\tools\key-manager-tauri\target\release\bundle\nsis\Uni Kasher Key 
Manager_1.0.0_x64-setup.exe
    Finished 1 bundle at:
        C:\Users\mohaned said\Downloads\Uni-Kasher-2.0.10\tools\key-manager-tauri\target\release\bundle\nsis\Uni 
Kasher Key Manager_1.0.0_x64-setup.exe

